00=<word0>
01=<integerv>
02=<integer16v>
03=<word1v>
04=<stringv>
05=<integer16v-compact>
06=<center>
08=<slow>
09=<fast>
0A=<waitKeyAndClear>
0B=<waitKey>
0C=<clear>
0D=<newline>
0E=<drawTilemap>
12=<word0v>
13=<word1>
16=が
17=ぎ
18=ぐ
19=げ
1A=ご
1B=ざ
1C=じ
1D=ず
1E=ぜ
1F=ぞ
22=<position>
23=<CC-23>
24=<CC-24>
25=<bold-L>
26=<bold-V>
27=<skull>
28=％
29=<boldF>
2A=：
2B=<bold-H>
2C=<bold-P>
2D=<bold-M>
30=<bold-A>
31=<bold-B>
32=<bold-C>
33=<heart>
34=<paw>
36=ガ
37=ギ
38=グ
39=ゲ
3A=ゴ
3B=ザ
3C=ジ
3D=ズ
3E=ゼ
3F=ゾ
40=ダ
41=ヂ
42=ヅ
43=デ
44=ド
4A=バ
4B=ビ
4C=ブ
4D=ベ
4E=ボ
5A=パ
5B=ピ
5C=プ
5D=ペ
5E=ポ
60=だ
61=ぢ
62=づ
63=で
64=ど
6A=ば
6B=び
6C=ぶ
6D=べ
6E=ぼ
7A=ぱ
7B=ぴ
7C=ぷ
7D=ぺ
7E=ぽ
80=０
81=１
82=２
83=３
84=４
85=５
86=６
87=７
88=８
89=９
8A=！
8B=？
8C=ゃ
8D=ゅ
8E=ょ
8F=っ
90=゛
91=あ
92=い
93=う
94=え
95=お
96=か
97=き
98=く
99=け
9A=こ
9B=さ
9C=し
9D=す
9E=せ
9F=そ
A0=゜
A1=。
A2=「
A3=」
A4=ー
A5=・
A7=ァ
A8=ィ
AA=ヌ
AC=ャ
AD=ュ
AE=ョ
AF=ッ
B0=を
B1=ア
B2=イ
B3=ウ
B4=エ
B5=オ
B6=カ
B7=キ
B8=ク
B9=ケ
BA=コ
BB=サ
BC=シ
BD=ス
BE=セ
BF=ソ
C0=タ
C1=チ
C2=ツ
C3=テ
C4=ト
C5=ナ
C6=ニ
C7=ヲ
C8=ネ
C9=ノ
CA=ハ
CB=ヒ
CC=フ
CD=ヘ
CE=ホ
CF=マ
D0=ミ
D1=ム
D2=メ
D3=モ
D4=ヤ
D5=ユ
D6=ヨ
D7=ラ
D8=リ
D9=ル
DA=レ
DB=ロ
DC=ワ
DD=ン
E0=た
E1=ち
E2=つ
E3=て
E4=と
E5=な
E6=に
E7=ぬ
E8=ね
E9=の
EA=は
EB=ひ
EC=ふ
ED=へ
EE=ほ
EF=ま
F0=み
F1=む
F2=め
F3=も
F4=や
F5=ゆ
F6=よ
F7=ら
F8=り
F9=る
FA=れ
FB=ろ
FC=わ
FD=ん
FE=　
FF=<end>
