00=０
01=１
02=２
03=３
04=４
05=５
06=６
07=７
08=８
09=９
0A=！
0B=？
0C=ゃ
0D=ゅ
0E=ょ
0F=っ
10=゛
11=あ
12=い
13=う
14=え
15=お
16=か
17=き
18=く
19=け
1A=こ
1B=さ
1C=し
1D=す
1E=せ
1F=そ
20=゜
21=。
22=「
23=」
24=ー
25=・
26=┐
27=ァ
28=ィ
29=│
2A=ヌ
2B=└
2C=ャ
2D=ュ
2E=ョ
2F=ッ
30=を
31=ア
32=イ
33=ウ
34=エ
35=オ
36=カ
37=キ
38=ク
39=ケ
3A=コ
3B=サ
3C=シ
3D=ス
3E=セ
3F=ソ
40=タ
41=チ
42=ツ
43=テ
44=ト
45=ナ
46=ニ
47=ヲ
48=ネ
49=ノ
4A=ハ
4B=ヒ
4C=フ
4D=ヘ
4E=ホ
4F=マ
50=ミ
51=ム
52=メ
53=モ
54=ヤ
55=ユ
56=ヨ
57=ラ
58=リ
59=ル
5A=レ
5B=ロ
5C=ワ
5D=ン
5E=┌
5F=─
60=た
61=ち
62=つ
63=て
64=と
65=な
66=に
67=ぬ
68=ね
69=の
6A=は
6B=ひ
6C=ふ
6D=へ
6E=ほ
6F=ま
70=み
71=む
72=め
73=も
74=や
75=ゆ
76=よ
77=ら
78=り
79=る
7A=れ
7B=ろ
7C=わ
7D=ん
7E=┘
DE=<─゜>
E2=<bold-F>
E3=<heart>
E5=<─゛>
E7=┬
E8=┴
E9=├
EA=┤
EB=┼
EC=<bold-A>
ED=<bold-B>
EE=<bold-C>
EF=<paw>
F0=<bold-H>
F1=<bold-P>
F2=<bold-M>
F3=：
F4=<bold-E>
F5=<bold-D>
F6=<bold-L>
F7=<bold-V>
F8=<skull>
F9=％
FF=　
